step=1 loss=31.189533 accuracy=0.0000
step=200 loss=5.538420 accuracy=0.0312
step=400 loss=2.844771 accuracy=0.3125
step=600 loss=0.810387 accuracy=0.7812
step=800 loss=0.000015 accuracy=1.0000
step=1000 loss=0.000000 accuracy=1.0000
step=1200 loss=0.000000 accuracy=1.0000
step=1400 loss=0.000000 accuracy=1.0000
step=1600 loss=0.000000 accuracy=1.0000
step=1800 loss=0.000000 accuracy=1.0000
step=2000 loss=0.000000 accuracy=1.0000
step=2200 loss=0.000000 accuracy=1.0000
step=2400 loss=0.000000 accuracy=1.0000
step=2600 loss=0.000000 accuracy=1.0000
step=2800 loss=0.000000 accuracy=1.0000
step=3000 loss=0.000000 accuracy=1.0000
{
  "device": "cuda",
  "checkpoint": "artifacts/qcc_prefix_1m_fulltrain.pt",
  "dataset": "artifacts/retrieval_qcc_prefix_1m_fulltrain.jsonl",
  "examples": 40,
  "eval_lengths": [
    128,
    128000
  ],
  "train": {
    "steps": 3000.0,
    "final_loss": 6.332992796842518e-08,
    "final_accuracy": 1.0,
    "best_loss": 3.725290076417309e-09,
    "best_accuracy": 1.0,
    "train_seconds": 83.78347264000013
  }
}
