step=1 loss=24.184622 accuracy=0.0000
step=50 loss=3.558556 accuracy=0.1250
step=100 loss=1.029131 accuracy=0.6250
step=150 loss=0.015562 accuracy=1.0000
step=200 loss=0.004214 accuracy=1.0000
step=250 loss=0.000385 accuracy=1.0000
step=300 loss=0.000288 accuracy=1.0000
step=350 loss=0.000143 accuracy=1.0000
step=400 loss=0.000274 accuracy=1.0000
step=450 loss=0.000217 accuracy=1.0000
step=500 loss=0.000173 accuracy=1.0000
step=550 loss=0.000161 accuracy=1.0000
step=600 loss=0.000128 accuracy=1.0000
step=650 loss=0.000141 accuracy=1.0000
step=700 loss=0.000103 accuracy=1.0000
step=750 loss=0.000106 accuracy=1.0000
step=800 loss=0.000069 accuracy=1.0000
{
  "device": "cuda",
  "checkpoint": "artifacts/remote_gpu/temp_sweep_20260902/temp_16.pt",
  "dataset": "artifacts/remote_gpu/temp_sweep_20260902/temp_16.jsonl",
  "examples": 8,
  "eval_lengths": [
    128
  ],
  "train": {
    "steps": 800.0,
    "final_loss": 6.863176531624049e-05,
    "final_accuracy": 1.0,
    "best_loss": 6.259766814764589e-05,
    "best_accuracy": 1.0,
    "train_seconds": 444.28332320717163
  }
}
