step=1 loss=38.090515 accuracy=0.0000
step=50 loss=4.260203 accuracy=0.0000
step=100 loss=2.792928 accuracy=0.2500
step=150 loss=1.963065 accuracy=0.2500
step=200 loss=0.298517 accuracy=0.8750
step=250 loss=0.243997 accuracy=0.8750
step=300 loss=0.435532 accuracy=0.8750
step=350 loss=0.003478 accuracy=1.0000
step=400 loss=0.001413 accuracy=1.0000
step=450 loss=0.002160 accuracy=1.0000
step=500 loss=0.065630 accuracy=1.0000
step=550 loss=0.000394 accuracy=1.0000
step=600 loss=0.000237 accuracy=1.0000
step=650 loss=0.000270 accuracy=1.0000
step=700 loss=0.000293 accuracy=1.0000
step=750 loss=0.000200 accuracy=1.0000
step=800 loss=0.000183 accuracy=1.0000
{
  "device": "cuda",
  "checkpoint": "artifacts/remote_gpu/temp_sweep_20260902/temp_4.pt",
  "dataset": "artifacts/remote_gpu/temp_sweep_20260902/temp_4.jsonl",
  "examples": 8,
  "eval_lengths": [
    128
  ],
  "train": {
    "steps": 800.0,
    "final_loss": 0.0001825789804570377,
    "final_accuracy": 1.0,
    "best_loss": 7.220800034701824e-05,
    "best_accuracy": 1.0,
    "train_seconds": 423.2807374401018
  }
}
